Product: MDK-ARM Professional 5.10
Component: ARM Compiler 5.04 update 1 (build 49)
Tool: armlink [5040049]

==============================================================================

Section Cross References

    stm32f10x_it.o(.text) refers to stm32f10x_usart.o(.text) for USART_GetITStatus
    stm32f10x_it.o(.text) refers to stm32f10x_gpio.o(.text) for GPIO_SetBits
    stm32f10x_it.o(.text) refers to stm32f10x_adc.o(.text) for ADC_GetConversionValue
    stm32f10x_it.o(.text) refers to stm32f10x_tim.o(.text) for TIM_GetITStatus
    stm32f10x_it.o(.text) refers to dfltui.o(.text) for __aeabi_ui2d
    stm32f10x_it.o(.text) refers to dmul.o(.text) for __aeabi_dmul
    stm32f10x_it.o(.text) refers to dfixui.o(.text) for __aeabi_d2uiz
    stm32f10x_it.o(.text) refers to stm_pc.o(.text) for SendFlowFrame
    stm32f10x_it.o(.text) refers to stm_usart.o(.data) for PC_USART_RX_STA
    stm32f10x_it.o(.text) refers to stm_usart.o(.bss) for pc_usart_rx_buf
    stm32f10x_it.o(.text) refers to stm32f10x_it.o(.data) for i
    stm32f10x_it.o(.text) refers to stm_valve.o(.data) for current_valve_type
    stm32f10x_it.o(.text) refers to common.o(.bss) for current_flow_data
    stm32f10x_it.o(.text) refers to common.o(.data) for FLAGS
    stm32f10x_it.o(.text) refers to stm_pc.o(.data) for send_ff_frq
    stm32f10x_it.o(.text) refers to common.o(.text) for GetFlowData
    stm32f10x_it.o(.text) refers to stm_mfc.o(.text) for ADCStart
    system_stm32f10x.o(.text) refers to system_stm32f10x.o(.data) for SystemCoreClock
    main.o(.text) refers to stm_valve.o(.text) for ValveGOn
    main.o(.text) refers to common.o(.text) for Delay_s
    main.o(.text) refers to stm32f10x_dac.o(.text) for DAC_SetChannel1Data
    main.o(.text) refers to stm_pc.o(.text) for SendErrorFrame
    main.o(.text) refers to stm_led.o(.text) for LEDRed
    main.o(.text) refers to stm_ds18b20.o(.text) for DS18B20_GetTemperature
    main.o(.text) refers to stm_sys.o(.text) for RCC_Config
    main.o(.text) refers to misc.o(.text) for NVIC_PriorityGroupConfig
    main.o(.text) refers to stm_usart.o(.text) for PC_USART_Init
    main.o(.text) refers to stm_gc.o(.text) for GC_GPIO_Init
    main.o(.text) refers to stm_mfc.o(.text) for MFC_ADC_Init
    main.o(.text) refers to stm_timer.o(.text) for Timer_Init
    main.o(.text) refers to stm_tc.o(.text) for TC_GPIO_Init
    main.o(.text) refers to stm_pump.o(.text) for Pump_GPIO_Init
    main.o(.text) refers to main.o(.bss) for time_parameter
    main.o(.text) refers to common.o(.data) for FLAGS
    main.o(.text) refers to stm_pc.o(.data) for f_error
    main.o(.text) refers to stm_usart.o(.data) for PC_USART_RX_STA
    main.o(.text) refers to stm_usart.o(.bss) for pc_usart_rx_buf
    main.o(.text) refers to common.o(.bss) for current_flow_data
    main.o(.text) refers to memcpya.o(.text) for __aeabi_memcpy
    main.o(.text) refers to stm32f10x_gpio.o(.text) for GPIO_SetBits
    main.o(.text) refers to dfltui.o(.text) for __aeabi_ui2d
    main.o(.text) refers to ddiv.o(.text) for __aeabi_ddiv
    main.o(.text) refers to dmul.o(.text) for __aeabi_dmul
    main.o(.text) refers to dfixui.o(.text) for __aeabi_d2uiz
    common.o(.text) refers to common.o(.bss) for current_flow_data
    stm32f10x_gpio.o(.text) refers to stm32f10x_rcc.o(.text) for RCC_APB2PeriphResetCmd
    stm32f10x_rcc.o(.text) refers to stm32f10x_rcc.o(.data) for APBAHBPrescTable
    stm32f10x_usart.o(.text) refers to stm32f10x_rcc.o(.text) for RCC_APB2PeriphResetCmd
    stm32f10x_adc.o(.text) refers to stm32f10x_rcc.o(.text) for RCC_APB2PeriphResetCmd
    stm32f10x_dac.o(.text) refers to stm32f10x_rcc.o(.text) for RCC_APB1PeriphResetCmd
    stm32f10x_tim.o(.text) refers to stm32f10x_rcc.o(.text) for RCC_APB2PeriphResetCmd
    startup_stm32f10x_hd.o(RESET) refers to startup_stm32f10x_hd.o(STACK) for __initial_sp
    startup_stm32f10x_hd.o(RESET) refers to startup_stm32f10x_hd.o(.text) for Reset_Handler
    startup_stm32f10x_hd.o(RESET) refers to stm32f10x_it.o(.text) for NMI_Handler
    startup_stm32f10x_hd.o(.text) refers to system_stm32f10x.o(.text) for SystemInit
    startup_stm32f10x_hd.o(.text) refers to entry.o(.ARM.Collect$$$$00000000) for __main
    stm_sys.o(.text) refers to system_stm32f10x.o(.text) for SystemInit
    stm_sys.o(.text) refers to stm32f10x_rcc.o(.text) for RCC_APB2PeriphClockCmd
    stm_usart.o(.text) refers to stm32f10x_gpio.o(.text) for GPIO_Init
    stm_usart.o(.text) refers to stm32f10x_usart.o(.text) for USART_Init
    stm_usart.o(.text) refers to misc.o(.text) for NVIC_Init
    stm_usart.o(.text) refers to common.o(.text) for Delay_ms
    stm_usart.o(.text) refers to stm_usart.o(.data) for pc_usart_tx_buf
    stm_gc.o(.text) refers to stm32f10x_gpio.o(.text) for GPIO_Init
    stm_gc.o(.text) refers to common.o(.text) for Delay_ms
    stm_led.o(.text) refers to stm32f10x_gpio.o(.text) for GPIO_Init
    stm_mfc.o(.text) refers to stm32f10x_gpio.o(.text) for GPIO_Init
    stm_mfc.o(.text) refers to stm32f10x_adc.o(.text) for ADC_DeInit
    stm_mfc.o(.text) refers to misc.o(.text) for NVIC_Init
    stm_mfc.o(.text) refers to common.o(.text) for Delay_us
    stm_mfc.o(.text) refers to stm32f10x_dac.o(.text) for DAC_Init
    stm_timer.o(.text) refers to stm32f10x_tim.o(.text) for TIM_TimeBaseInit
    stm_timer.o(.text) refers to misc.o(.text) for NVIC_Init
    stm_ds18b20.o(.text) refers to stm32f10x_gpio.o(.text) for GPIO_Init
    stm_ds18b20.o(.text) refers to common.o(.text) for Delay_us
    stm_ds18b20.o(.text) refers to dflti.o(.text) for __aeabi_i2d
    stm_ds18b20.o(.text) refers to dmul.o(.text) for __aeabi_dmul
    stm_ds18b20.o(.text) refers to dfixui.o(.text) for __aeabi_d2uiz
    stm_ds18b20.o(.text) refers to dfltui.o(.text) for __aeabi_ui2d
    stm_tc.o(.text) refers to stm32f10x_gpio.o(.text) for GPIO_Init
    stm_valve.o(.text) refers to stm_usart.o(.text) for SendCmdTo485
    stm_valve.o(.text) refers to common.o(.text) for Delay_ms
    stm_valve.o(.text) refers to stm_pc.o(.text) for SendErrorFrame
    stm_valve.o(.text) refers to stm_led.o(.text) for LEDRed
    stm_valve.o(.text) refers to stm_valve.o(.data) for vc_cp
    stm_valve.o(.text) refers to stm_usart.o(.data) for rs485_usart_rx_buf
    stm_valve.o(.text) refers to stm_pc.o(.data) for f_error
    stm_pc.o(.text) refers to common.o(.text) for BCC
    stm_pc.o(.text) refers to stm_usart.o(.text) for SendDataToPC
    stm_pc.o(.text) refers to stm32f10x_gpio.o(.text) for GPIO_ResetBits
    stm_pc.o(.text) refers to stm_pc.o(.data) for f_ack
    stm_pc.o(.text) refers to common.o(.data) for FLAGS
    stm_pump.o(.text) refers to stm32f10x_gpio.o(.text) for GPIO_Init
    entry.o(.ARM.Collect$$$$00000000) refers (Special) to entry10a.o(.ARM.Collect$$$$0000000D) for __rt_final_cpp
    entry.o(.ARM.Collect$$$$00000000) refers (Special) to entry11a.o(.ARM.Collect$$$$0000000F) for __rt_final_exit
    entry.o(.ARM.Collect$$$$00000000) refers (Special) to entry7b.o(.ARM.Collect$$$$00000008) for _main_clock
    entry.o(.ARM.Collect$$$$00000000) refers (Special) to entry8b.o(.ARM.Collect$$$$0000000A) for _main_cpp_init
    entry.o(.ARM.Collect$$$$00000000) refers (Special) to entry9a.o(.ARM.Collect$$$$0000000B) for _main_init
    entry.o(.ARM.Collect$$$$00000000) refers (Special) to entry5.o(.ARM.Collect$$$$00000004) for _main_scatterload
    entry.o(.ARM.Collect$$$$00000000) refers (Special) to entry2.o(.ARM.Collect$$$$00000001) for _main_stk
    dmul.o(.text) refers (Special) to iusefp.o(.text) for __I$use$fp
    dmul.o(.text) refers to depilogue.o(.text) for _double_epilogue
    ddiv.o(.text) refers (Special) to iusefp.o(.text) for __I$use$fp
    ddiv.o(.text) refers to depilogue.o(.text) for _double_round
    dflti.o(.text) refers (Special) to iusefp.o(.text) for __I$use$fp
    dflti.o(.text) refers to depilogue.o(.text) for _double_epilogue
    dfltui.o(.text) refers (Special) to iusefp.o(.text) for __I$use$fp
    dfltui.o(.text) refers to depilogue.o(.text) for _double_epilogue
    dfixui.o(.text) refers (Special) to iusefp.o(.text) for __I$use$fp
    dfixui.o(.text) refers to llushr.o(.text) for __aeabi_llsr
    entry2.o(.ARM.Collect$$$$00000001) refers to entry2.o(.ARM.Collect$$$$00002712) for __lit__00000000
    entry2.o(.ARM.Collect$$$$00002712) refers to startup_stm32f10x_hd.o(STACK) for __initial_sp
    entry2.o(__vectab_stack_and_reset_area) refers to startup_stm32f10x_hd.o(STACK) for __initial_sp
    entry2.o(__vectab_stack_and_reset_area) refers to entry.o(.ARM.Collect$$$$00000000) for __main
    entry5.o(.ARM.Collect$$$$00000004) refers to init.o(.text) for __scatterload
    entry9a.o(.ARM.Collect$$$$0000000B) refers to main.o(.text) for main
    entry9b.o(.ARM.Collect$$$$0000000C) refers to main.o(.text) for main
    depilogue.o(.text) refers to llshl.o(.text) for __aeabi_llsl
    depilogue.o(.text) refers to llushr.o(.text) for __aeabi_llsr
    init.o(.text) refers to entry5.o(.ARM.Collect$$$$00000004) for __main_after_scatterload


==============================================================================

Removing Unused input sections from the image.

    Removing core_cm3.o(.emb_text), (32 bytes).
    Removing startup_stm32f10x_hd.o(HEAP), (2304 bytes).

2 unused section(s) (total 2336 bytes) removed from the image.

==============================================================================

Image Symbol Table

    Local Symbols

    Symbol Name                              Value     Ov Type        Size  Object(Section)

    ../clib/microlib/init/entry.s            0x00000000   Number         0  entry7a.o ABSOLUTE
    ../clib/microlib/init/entry.s            0x00000000   Number         0  entry11a.o ABSOLUTE
    ../clib/microlib/init/entry.s            0x00000000   Number         0  entry5.o ABSOLUTE
    ../clib/microlib/init/entry.s            0x00000000   Number         0  entry11b.o ABSOLUTE
    ../clib/microlib/init/entry.s            0x00000000   Number         0  entry10b.o ABSOLUTE
    ../clib/microlib/init/entry.s            0x00000000   Number         0  entry10a.o ABSOLUTE
    ../clib/microlib/init/entry.s            0x00000000   Number         0  entry.o ABSOLUTE
    ../clib/microlib/init/entry.s            0x00000000   Number         0  entry9b.o ABSOLUTE
    ../clib/microlib/init/entry.s            0x00000000   Number         0  entry9a.o ABSOLUTE
    ../clib/microlib/init/entry.s            0x00000000   Number         0  entry8b.o ABSOLUTE
    ../clib/microlib/init/entry.s            0x00000000   Number         0  entry8a.o ABSOLUTE
    ../clib/microlib/init/entry.s            0x00000000   Number         0  entry7b.o ABSOLUTE
    ../clib/microlib/init/entry.s            0x00000000   Number         0  entry2.o ABSOLUTE
    ../clib/microlib/longlong.c              0x00000000   Number         0  llushr.o ABSOLUTE
    ../clib/microlib/longlong.c              0x00000000   Number         0  llshl.o ABSOLUTE
    ../clib/microlib/string/memcpy.c         0x00000000   Number         0  memcpya.o ABSOLUTE
    ../clib/microlib/string/memcpy.c         0x00000000   Number         0  memcpyb.o ABSOLUTE
    ../clib/microlib/stubs.s                 0x00000000   Number         0  iusefp.o ABSOLUTE
    ../fplib/microlib/fpdiv.c                0x00000000   Number         0  ddiv.o ABSOLUTE
    ../fplib/microlib/fpepilogue.c           0x00000000   Number         0  depilogue.o ABSOLUTE
    ../fplib/microlib/fpfix.c                0x00000000   Number         0  dfixui.o ABSOLUTE
    ../fplib/microlib/fpflt.c                0x00000000   Number         0  dflti.o ABSOLUTE
    ../fplib/microlib/fpflt.c                0x00000000   Number         0  dfltui.o ABSOLUTE
    ../fplib/microlib/fpmul.c                0x00000000   Number         0  dmul.o ABSOLUTE
    ..\Asm\startup_stm32f10x_hd.s            0x00000000   Number         0  startup_stm32f10x_hd.o ABSOLUTE
    ..\Driver\stm_ds18b20.c                  0x00000000   Number         0  stm_ds18b20.o ABSOLUTE
    ..\Driver\stm_gc.c                       0x00000000   Number         0  stm_gc.o ABSOLUTE
    ..\Driver\stm_led.c                      0x00000000   Number         0  stm_led.o ABSOLUTE
    ..\Driver\stm_mfc.c                      0x00000000   Number         0  stm_mfc.o ABSOLUTE
    ..\Driver\stm_pc.c                       0x00000000   Number         0  stm_pc.o ABSOLUTE
    ..\Driver\stm_pump.c                     0x00000000   Number         0  stm_pump.o ABSOLUTE
    ..\Driver\stm_sys.c                      0x00000000   Number         0  stm_sys.o ABSOLUTE
    ..\Driver\stm_tc.c                       0x00000000   Number         0  stm_tc.o ABSOLUTE
    ..\Driver\stm_timer.c                    0x00000000   Number         0  stm_timer.o ABSOLUTE
    ..\Driver\stm_usart.c                    0x00000000   Number         0  stm_usart.o ABSOLUTE
    ..\Driver\stm_valve.c                    0x00000000   Number         0  stm_valve.o ABSOLUTE
    ..\Lib\src\misc.c                        0x00000000   Number         0  misc.o ABSOLUTE
    ..\Lib\src\stm32f10x_adc.c               0x00000000   Number         0  stm32f10x_adc.o ABSOLUTE
    ..\Lib\src\stm32f10x_dac.c               0x00000000   Number         0  stm32f10x_dac.o ABSOLUTE
    ..\Lib\src\stm32f10x_gpio.c              0x00000000   Number         0  stm32f10x_gpio.o ABSOLUTE
    ..\Lib\src\stm32f10x_rcc.c               0x00000000   Number         0  stm32f10x_rcc.o ABSOLUTE
    ..\Lib\src\stm32f10x_tim.c               0x00000000   Number         0  stm32f10x_tim.o ABSOLUTE
    ..\Lib\src\stm32f10x_usart.c             0x00000000   Number         0  stm32f10x_usart.o ABSOLUTE
    ..\System\core_cm3.c                     0x00000000   Number         0  core_cm3.o ABSOLUTE
    ..\System\stm32f10x_it.c                 0x00000000   Number         0  stm32f10x_it.o ABSOLUTE
    ..\System\system_stm32f10x.c             0x00000000   Number         0  system_stm32f10x.o ABSOLUTE
    ..\User\common.c                         0x00000000   Number         0  common.o ABSOLUTE
    ..\User\main.c                           0x00000000   Number         0  main.o ABSOLUTE
    ..\\System\\core_cm3.c                   0x00000000   Number         0  core_cm3.o ABSOLUTE
    dc.s                                     0x00000000   Number         0  dc.o ABSOLUTE
    handlers.s                               0x00000000   Number         0  handlers.o ABSOLUTE
    init.s                                   0x00000000   Number         0  init.o ABSOLUTE
    RESET                                    0x08000000   Section      304  startup_stm32f10x_hd.o(RESET)
    .ARM.Collect$$$$00000000                 0x08000130   Section        0  entry.o(.ARM.Collect$$$$00000000)
    .ARM.Collect$$$$00000001                 0x08000130   Section        4  entry2.o(.ARM.Collect$$$$00000001)
    .ARM.Collect$$$$00000004                 0x08000134   Section        4  entry5.o(.ARM.Collect$$$$00000004)
    .ARM.Collect$$$$00000008                 0x08000138   Section        0  entry7b.o(.ARM.Collect$$$$00000008)
    .ARM.Collect$$$$0000000A                 0x08000138   Section        0  entry8b.o(.ARM.Collect$$$$0000000A)
    .ARM.Collect$$$$0000000B                 0x08000138   Section        8  entry9a.o(.ARM.Collect$$$$0000000B)
    .ARM.Collect$$$$0000000D                 0x08000140   Section        0  entry10a.o(.ARM.Collect$$$$0000000D)
    .ARM.Collect$$$$0000000F                 0x08000140   Section        0  entry11a.o(.ARM.Collect$$$$0000000F)
    .ARM.Collect$$$$00002712                 0x08000140   Section        4  entry2.o(.ARM.Collect$$$$00002712)
    __lit__00000000                          0x08000140   Data           4  entry2.o(.ARM.Collect$$$$00002712)
    .text                                    0x08000144   Section        0  stm32f10x_it.o(.text)
    .text                                    0x08000690   Section        0  system_stm32f10x.o(.text)
    SetSysClockTo72                          0x08000691   Thumb Code   214  system_stm32f10x.o(.text)
    SetSysClock                              0x08000767   Thumb Code     8  system_stm32f10x.o(.text)
    .text                                    0x08000870   Section        0  main.o(.text)
    .text                                    0x08001890   Section        0  common.o(.text)
    .text                                    0x080019a4   Section        0  stm32f10x_gpio.o(.text)
    .text                                    0x08001d00   Section        0  stm32f10x_rcc.o(.text)
    .text                                    0x080020a4   Section        0  stm32f10x_usart.o(.text)
    .text                                    0x080024ac   Section        0  misc.o(.text)
    .text                                    0x08002588   Section        0  stm32f10x_adc.o(.text)
    .text                                    0x080029d8   Section        0  stm32f10x_dac.o(.text)
    .text                                    0x08002b64   Section        0  stm32f10x_tim.o(.text)
    TI4_Config                               0x0800300b   Thumb Code   130  stm32f10x_tim.o(.text)
    TI3_Config                               0x0800309f   Thumb Code   122  stm32f10x_tim.o(.text)
    TI2_Config                               0x08003133   Thumb Code   130  stm32f10x_tim.o(.text)
    TI1_Config                               0x080031c7   Thumb Code   108  stm32f10x_tim.o(.text)
    .text                                    0x08003980   Section       36  startup_stm32f10x_hd.o(.text)
    .text                                    0x080039a4   Section        0  stm_sys.o(.text)
    .text                                    0x080039e4   Section        0  stm_usart.o(.text)
    .text                                    0x08003bd0   Section        0  stm_gc.o(.text)
    .text                                    0x08003c78   Section        0  stm_led.o(.text)
    .text                                    0x08003d3c   Section        0  stm_mfc.o(.text)
    .text                                    0x08003e44   Section        0  stm_timer.o(.text)
    .text                                    0x08003ea0   Section        0  stm_ds18b20.o(.text)
    .text                                    0x08004128   Section        0  stm_tc.o(.text)
    .text                                    0x080041ac   Section        0  stm_valve.o(.text)
    .text                                    0x080044c8   Section        0  stm_pc.o(.text)
    .text                                    0x080045d4   Section        0  stm_pump.o(.text)
    .text                                    0x08004600   Section        0  memcpya.o(.text)
    .text                                    0x08004624   Section        0  dmul.o(.text)
    .text                                    0x08004708   Section        0  ddiv.o(.text)
    .text                                    0x080047e6   Section        0  dflti.o(.text)
    .text                                    0x08004808   Section        0  dfltui.o(.text)
    .text                                    0x08004822   Section        0  dfixui.o(.text)
    .text                                    0x08004854   Section        0  llushr.o(.text)
    .text                                    0x08004874   Section        0  iusefp.o(.text)
    .text                                    0x08004874   Section        0  depilogue.o(.text)
    .text                                    0x0800492c   Section       36  init.o(.text)
    .text                                    0x08004950   Section        0  llshl.o(.text)
    i.__scatterload_copy                     0x0800496e   Section       14  handlers.o(i.__scatterload_copy)
    i.__scatterload_null                     0x0800497c   Section        2  handlers.o(i.__scatterload_null)
    i.__scatterload_zeroinit                 0x0800497e   Section       14  handlers.o(i.__scatterload_zeroinit)
    .data                                    0x20000000   Section       10  stm32f10x_it.o(.data)
    i                                        0x20000000   Data           1  stm32f10x_it.o(.data)
    temp                                     0x20000001   Data           1  stm32f10x_it.o(.data)
    i                                        0x20000002   Data           1  stm32f10x_it.o(.data)
    idx                                      0x20000003   Data           1  stm32f10x_it.o(.data)
    i                                        0x20000004   Data           1  stm32f10x_it.o(.data)
    cnt_sec                                  0x20000005   Data           1  stm32f10x_it.o(.data)
    cnt_frt                                  0x20000006   Data           1  stm32f10x_it.o(.data)
    cnt_fpt                                  0x20000007   Data           1  stm32f10x_it.o(.data)
    cnt_ff                                   0x20000008   Data           2  stm32f10x_it.o(.data)
    .data                                    0x2000000c   Section       20  system_stm32f10x.o(.data)
    .data                                    0x20000020   Section        8  common.o(.data)
    .data                                    0x20000028   Section       20  stm32f10x_rcc.o(.data)
    APBAHBPrescTable                         0x20000028   Data          16  stm32f10x_rcc.o(.data)
    ADCPrescTable                            0x20000038   Data           4  stm32f10x_rcc.o(.data)
    .data                                    0x2000003c   Section       17  stm_usart.o(.data)
    .data                                    0x2000004d   Section       13  stm_valve.o(.data)
    .data                                    0x2000005a   Section       44  stm_pc.o(.data)
    .bss                                     0x20000088   Section       30  main.o(.bss)
    .bss                                     0x200000a6   Section       40  common.o(.bss)
    .bss                                     0x200000ce   Section       80  stm_usart.o(.bss)
    STACK                                    0x20000120   Section    18688  startup_stm32f10x_hd.o(STACK)

    Global Symbols

    Symbol Name                              Value     Ov Type        Size  Object(Section)

    BuildAttributes$$THM_ISAv4$P$D$K$B$S$PE$A:L22UL41UL21$X:L11$S22US41US21$IEEE1$IW$USESV6$~STKCKD$USESV7$~SHL$OSPACE$ROPI$EBA8$MICROLIB$REQ8$PRES8$EABIv2 0x00000000   Number         0  anon$$obj.o ABSOLUTE
    __ARM_use_no_argv                        0x00000000   Number         0  main.o ABSOLUTE
    __cpp_initialize__aeabi_                  - Undefined Weak Reference
    __cxa_finalize                            - Undefined Weak Reference
    __decompress                              - Undefined Weak Reference
    _clock_init                               - Undefined Weak Reference
    _microlib_exit                            - Undefined Weak Reference
    __Vectors_Size                           0x00000130   Number         0  startup_stm32f10x_hd.o ABSOLUTE
    __Vectors                                0x08000000   Data           4  startup_stm32f10x_hd.o(RESET)
    __Vectors_End                            0x08000130   Data           0  startup_stm32f10x_hd.o(RESET)
    __main                                   0x08000131   Thumb Code     0  entry.o(.ARM.Collect$$$$00000000)
    _main_stk                                0x08000131   Thumb Code     0  entry2.o(.ARM.Collect$$$$00000001)
    _main_scatterload                        0x08000135   Thumb Code     0  entry5.o(.ARM.Collect$$$$00000004)
    __main_after_scatterload                 0x08000139   Thumb Code     0  entry5.o(.ARM.Collect$$$$00000004)
    _main_clock                              0x08000139   Thumb Code     0  entry7b.o(.ARM.Collect$$$$00000008)
    _main_cpp_init                           0x08000139   Thumb Code     0  entry8b.o(.ARM.Collect$$$$0000000A)
    _main_init                               0x08000139   Thumb Code     0  entry9a.o(.ARM.Collect$$$$0000000B)
    __rt_final_cpp                           0x08000141   Thumb Code     0  entry10a.o(.ARM.Collect$$$$0000000D)
    __rt_final_exit                          0x08000141   Thumb Code     0  entry11a.o(.ARM.Collect$$$$0000000F)
    NMI_Handler                              0x08000145   Thumb Code     2  stm32f10x_it.o(.text)
    HardFault_Handler                        0x08000147   Thumb Code     4  stm32f10x_it.o(.text)
    MemManage_Handler                        0x0800014b   Thumb Code     4  stm32f10x_it.o(.text)
    BusFault_Handler                         0x0800014f   Thumb Code     4  stm32f10x_it.o(.text)
    UsageFault_Handler                       0x08000153   Thumb Code     4  stm32f10x_it.o(.text)
    SVC_Handler                              0x08000157   Thumb Code     2  stm32f10x_it.o(.text)
    DebugMon_Handler                         0x08000159   Thumb Code     2  stm32f10x_it.o(.text)
    PendSV_Handler                           0x0800015b   Thumb Code     2  stm32f10x_it.o(.text)
    SysTick_Handler                          0x0800015d   Thumb Code     2  stm32f10x_it.o(.text)
    USART1_IRQHandler                        0x0800015f   Thumb Code   236  stm32f10x_it.o(.text)
    USART2_IRQHandler                        0x0800024b   Thumb Code   624  stm32f10x_it.o(.text)
    ADC1_2_IRQHandler                        0x080004bb   Thumb Code    40  stm32f10x_it.o(.text)
    TIM3_IRQHandler                          0x080004e3   Thumb Code   388  stm32f10x_it.o(.text)
    SystemInit                               0x0800076f   Thumb Code    78  system_stm32f10x.o(.text)
    SystemCoreClockUpdate                    0x080007bd   Thumb Code   142  system_stm32f10x.o(.text)
    Emergency                                0x08000871   Thumb Code    28  main.o(.text)
    End                                      0x0800088d   Thumb Code    86  main.o(.text)
    PipelineWash                             0x080008e3   Thumb Code   102  main.o(.text)
    EquipSelfCheck                           0x08000949   Thumb Code   548  main.o(.text)
    Initial                                  0x08000b6d   Thumb Code   210  main.o(.text)
    main                                     0x08000c3f   Thumb Code  3106  main.o(.text)
    BCC                                      0x08001891   Thumb Code    26  common.o(.text)
    BubbleSort_u16                           0x080018ab   Thumb Code    70  common.o(.text)
    GetFlowData                              0x080018f1   Thumb Code    42  common.o(.text)
    Delay_us                                 0x0800191b   Thumb Code    54  common.o(.text)
    Delay_ms                                 0x08001951   Thumb Code    56  common.o(.text)
    Delay_s                                  0x08001989   Thumb Code    24  common.o(.text)
    GPIO_DeInit                              0x080019a5   Thumb Code   172  stm32f10x_gpio.o(.text)
    GPIO_AFIODeInit                          0x08001a51   Thumb Code    20  stm32f10x_gpio.o(.text)
    GPIO_Init                                0x08001a65   Thumb Code   278  stm32f10x_gpio.o(.text)
    GPIO_StructInit                          0x08001b7b   Thumb Code    16  stm32f10x_gpio.o(.text)
    GPIO_ReadInputDataBit                    0x08001b8b   Thumb Code    18  stm32f10x_gpio.o(.text)
    GPIO_ReadInputData                       0x08001b9d   Thumb Code     8  stm32f10x_gpio.o(.text)
    GPIO_ReadOutputDataBit                   0x08001ba5   Thumb Code    18  stm32f10x_gpio.o(.text)
    GPIO_ReadOutputData                      0x08001bb7   Thumb Code     8  stm32f10x_gpio.o(.text)
    GPIO_SetBits                             0x08001bbf   Thumb Code     4  stm32f10x_gpio.o(.text)
    GPIO_ResetBits                           0x08001bc3   Thumb Code     4  stm32f10x_gpio.o(.text)
    GPIO_WriteBit                            0x08001bc7   Thumb Code    10  stm32f10x_gpio.o(.text)
    GPIO_Write                               0x08001bd1   Thumb Code     4  stm32f10x_gpio.o(.text)
    GPIO_PinLockConfig                       0x08001bd5   Thumb Code    18  stm32f10x_gpio.o(.text)
    GPIO_EventOutputConfig                   0x08001be7   Thumb Code    26  stm32f10x_gpio.o(.text)
    GPIO_EventOutputCmd                      0x08001c01   Thumb Code     6  stm32f10x_gpio.o(.text)
    GPIO_PinRemapConfig                      0x08001c07   Thumb Code   138  stm32f10x_gpio.o(.text)
    GPIO_EXTILineConfig                      0x08001c91   Thumb Code    66  stm32f10x_gpio.o(.text)
    GPIO_ETH_MediaInterfaceConfig            0x08001cd3   Thumb Code     8  stm32f10x_gpio.o(.text)
    RCC_DeInit                               0x08001d01   Thumb Code    64  stm32f10x_rcc.o(.text)
    RCC_HSEConfig                            0x08001d41   Thumb Code    70  stm32f10x_rcc.o(.text)
    RCC_GetFlagStatus                        0x08001d87   Thumb Code    56  stm32f10x_rcc.o(.text)
    RCC_WaitForHSEStartUp                    0x08001dbf   Thumb Code    56  stm32f10x_rcc.o(.text)
    RCC_AdjustHSICalibrationValue            0x08001df7   Thumb Code    20  stm32f10x_rcc.o(.text)
    RCC_HSICmd                               0x08001e0b   Thumb Code     6  stm32f10x_rcc.o(.text)
    RCC_PLLConfig                            0x08001e11   Thumb Code    24  stm32f10x_rcc.o(.text)
    RCC_PLLCmd                               0x08001e29   Thumb Code     6  stm32f10x_rcc.o(.text)
    RCC_SYSCLKConfig                         0x08001e2f   Thumb Code    18  stm32f10x_rcc.o(.text)
    RCC_GetSYSCLKSource                      0x08001e41   Thumb Code    10  stm32f10x_rcc.o(.text)
    RCC_HCLKConfig                           0x08001e4b   Thumb Code    18  stm32f10x_rcc.o(.text)
    RCC_PCLK1Config                          0x08001e5d   Thumb Code    18  stm32f10x_rcc.o(.text)
    RCC_PCLK2Config                          0x08001e6f   Thumb Code    20  stm32f10x_rcc.o(.text)
    RCC_ITConfig                             0x08001e83   Thumb Code    26  stm32f10x_rcc.o(.text)
    RCC_USBCLKConfig                         0x08001e9d   Thumb Code     8  stm32f10x_rcc.o(.text)
    RCC_ADCCLKConfig                         0x08001ea5   Thumb Code    18  stm32f10x_rcc.o(.text)
    RCC_LSEConfig                            0x08001eb7   Thumb Code    50  stm32f10x_rcc.o(.text)
    RCC_LSICmd                               0x08001ee9   Thumb Code     6  stm32f10x_rcc.o(.text)
    RCC_RTCCLKConfig                         0x08001eef   Thumb Code    12  stm32f10x_rcc.o(.text)
    RCC_RTCCLKCmd                            0x08001efb   Thumb Code     8  stm32f10x_rcc.o(.text)
    RCC_GetClocksFreq                        0x08001f03   Thumb Code   192  stm32f10x_rcc.o(.text)
    RCC_AHBPeriphClockCmd                    0x08001fc3   Thumb Code    26  stm32f10x_rcc.o(.text)
    RCC_APB2PeriphClockCmd                   0x08001fdd   Thumb Code    26  stm32f10x_rcc.o(.text)
    RCC_APB1PeriphClockCmd                   0x08001ff7   Thumb Code    26  stm32f10x_rcc.o(.text)
    RCC_APB2PeriphResetCmd                   0x08002011   Thumb Code    26  stm32f10x_rcc.o(.text)
    RCC_APB1PeriphResetCmd                   0x0800202b   Thumb Code    26  stm32f10x_rcc.o(.text)
    RCC_BackupResetCmd                       0x08002045   Thumb Code     8  stm32f10x_rcc.o(.text)
    RCC_ClockSecuritySystemCmd               0x0800204d   Thumb Code     6  stm32f10x_rcc.o(.text)
    RCC_MCOConfig                            0x08002053   Thumb Code     6  stm32f10x_rcc.o(.text)
    RCC_ClearFlag                            0x08002059   Thumb Code    14  stm32f10x_rcc.o(.text)
    RCC_GetITStatus                          0x08002067   Thumb Code    20  stm32f10x_rcc.o(.text)
    RCC_ClearITPendingBit                    0x0800207b   Thumb Code     6  stm32f10x_rcc.o(.text)
    USART_DeInit                             0x080020a5   Thumb Code   134  stm32f10x_usart.o(.text)
    USART_Init                               0x0800212b   Thumb Code   210  stm32f10x_usart.o(.text)
    USART_StructInit                         0x080021fd   Thumb Code    24  stm32f10x_usart.o(.text)
    USART_ClockInit                          0x08002215   Thumb Code    34  stm32f10x_usart.o(.text)
    USART_ClockStructInit                    0x08002237   Thumb Code    12  stm32f10x_usart.o(.text)
    USART_Cmd                                0x08002243   Thumb Code    24  stm32f10x_usart.o(.text)
    USART_ITConfig                           0x0800225b   Thumb Code    74  stm32f10x_usart.o(.text)
    USART_DMACmd                             0x080022a5   Thumb Code    18  stm32f10x_usart.o(.text)
    USART_SetAddress                         0x080022b7   Thumb Code    18  stm32f10x_usart.o(.text)
    USART_WakeUpConfig                       0x080022c9   Thumb Code    18  stm32f10x_usart.o(.text)
    USART_ReceiverWakeUpCmd                  0x080022db   Thumb Code    24  stm32f10x_usart.o(.text)
    USART_LINBreakDetectLengthConfig         0x080022f3   Thumb Code    18  stm32f10x_usart.o(.text)
    USART_LINCmd                             0x08002305   Thumb Code    24  stm32f10x_usart.o(.text)
    USART_SendData                           0x0800231d   Thumb Code     8  stm32f10x_usart.o(.text)
    USART_ReceiveData                        0x08002325   Thumb Code    10  stm32f10x_usart.o(.text)
    USART_SendBreak                          0x0800232f   Thumb Code    10  stm32f10x_usart.o(.text)
    USART_SetGuardTime                       0x08002339   Thumb Code    16  stm32f10x_usart.o(.text)
    USART_SetPrescaler                       0x08002349   Thumb Code    16  stm32f10x_usart.o(.text)
    USART_SmartCardCmd                       0x08002359   Thumb Code    24  stm32f10x_usart.o(.text)
    USART_SmartCardNACKCmd                   0x08002371   Thumb Code    24  stm32f10x_usart.o(.text)
    USART_HalfDuplexCmd                      0x08002389   Thumb Code    24  stm32f10x_usart.o(.text)
    USART_OverSampling8Cmd                   0x080023a1   Thumb Code    22  stm32f10x_usart.o(.text)
    USART_OneBitMethodCmd                    0x080023b7   Thumb Code    24  stm32f10x_usart.o(.text)
    USART_IrDAConfig                         0x080023cf   Thumb Code    18  stm32f10x_usart.o(.text)
    USART_IrDACmd                            0x080023e1   Thumb Code    24  stm32f10x_usart.o(.text)
    USART_GetFlagStatus                      0x080023f9   Thumb Code    26  stm32f10x_usart.o(.text)
    USART_ClearFlag                          0x08002413   Thumb Code    18  stm32f10x_usart.o(.text)
    USART_GetITStatus                        0x08002425   Thumb Code    84  stm32f10x_usart.o(.text)
    USART_ClearITPendingBit                  0x08002479   Thumb Code    52  stm32f10x_usart.o(.text)
    NVIC_PriorityGroupConfig                 0x080024ad   Thumb Code    10  misc.o(.text)
    NVIC_Init                                0x080024b7   Thumb Code   100  misc.o(.text)
    NVIC_SetVectorTable                      0x0800251b   Thumb Code    14  misc.o(.text)
    NVIC_SystemLPConfig                      0x08002529   Thumb Code    34  misc.o(.text)
    SysTick_CLKSourceConfig                  0x0800254b   Thumb Code    40  misc.o(.text)
    ADC_DeInit                               0x08002589   Thumb Code    78  stm32f10x_adc.o(.text)
    ADC_Init                                 0x080025d7   Thumb Code    70  stm32f10x_adc.o(.text)
    ADC_StructInit                           0x0800261d   Thumb Code    18  stm32f10x_adc.o(.text)
    ADC_Cmd                                  0x0800262f   Thumb Code    22  stm32f10x_adc.o(.text)
    ADC_DMACmd                               0x08002645   Thumb Code    22  stm32f10x_adc.o(.text)
    ADC_ITConfig                             0x0800265b   Thumb Code    24  stm32f10x_adc.o(.text)
    ADC_ResetCalibration                     0x08002673   Thumb Code    10  stm32f10x_adc.o(.text)
    ADC_GetResetCalibrationStatus            0x0800267d   Thumb Code    20  stm32f10x_adc.o(.text)
    ADC_StartCalibration                     0x08002691   Thumb Code    10  stm32f10x_adc.o(.text)
    ADC_GetCalibrationStatus                 0x0800269b   Thumb Code    20  stm32f10x_adc.o(.text)
    ADC_SoftwareStartConvCmd                 0x080026af   Thumb Code    22  stm32f10x_adc.o(.text)
    ADC_GetSoftwareStartConvStatus           0x080026c5   Thumb Code    20  stm32f10x_adc.o(.text)
    ADC_DiscModeChannelCountConfig           0x080026d9   Thumb Code    24  stm32f10x_adc.o(.text)
    ADC_DiscModeCmd                          0x080026f1   Thumb Code    22  stm32f10x_adc.o(.text)
    ADC_RegularChannelConfig                 0x08002707   Thumb Code   184  stm32f10x_adc.o(.text)
    ADC_ExternalTrigConvCmd                  0x080027bf   Thumb Code    22  stm32f10x_adc.o(.text)
    ADC_GetConversionValue                   0x080027d5   Thumb Code     8  stm32f10x_adc.o(.text)
    ADC_GetDualModeConversionValue           0x080027dd   Thumb Code     8  stm32f10x_adc.o(.text)
    ADC_AutoInjectedConvCmd                  0x080027e5   Thumb Code    22  stm32f10x_adc.o(.text)
    ADC_InjectedDiscModeCmd                  0x080027fb   Thumb Code    22  stm32f10x_adc.o(.text)
    ADC_ExternalTrigInjectedConvConfig       0x08002811   Thumb Code    16  stm32f10x_adc.o(.text)
    ADC_ExternalTrigInjectedConvCmd          0x08002821   Thumb Code    22  stm32f10x_adc.o(.text)
    ADC_SoftwareStartInjectedConvCmd         0x08002837   Thumb Code    22  stm32f10x_adc.o(.text)
    ADC_GetSoftwareStartInjectedConvCmdStatus 0x0800284d   Thumb Code    20  stm32f10x_adc.o(.text)
    ADC_InjectedChannelConfig                0x08002861   Thumb Code   130  stm32f10x_adc.o(.text)
    ADC_InjectedSequencerLengthConfig        0x080028e3   Thumb Code    24  stm32f10x_adc.o(.text)
    ADC_SetInjectedOffset                    0x080028fb   Thumb Code    20  stm32f10x_adc.o(.text)
    ADC_GetInjectedConversionValue           0x0800290f   Thumb Code    28  stm32f10x_adc.o(.text)
    ADC_AnalogWatchdogCmd                    0x0800292b   Thumb Code    16  stm32f10x_adc.o(.text)
    ADC_AnalogWatchdogThresholdsConfig       0x0800293b   Thumb Code     6  stm32f10x_adc.o(.text)
    ADC_AnalogWatchdogSingleChannelConfig    0x08002941   Thumb Code    16  stm32f10x_adc.o(.text)
    ADC_TempSensorVrefintCmd                 0x08002951   Thumb Code    64  stm32f10x_adc.o(.text)
    ADC_GetFlagStatus                        0x08002991   Thumb Code    18  stm32f10x_adc.o(.text)
    ADC_ClearFlag                            0x080029a3   Thumb Code     6  stm32f10x_adc.o(.text)
    ADC_GetITStatus                          0x080029a9   Thumb Code    36  stm32f10x_adc.o(.text)
    ADC_ClearITPendingBit                    0x080029cd   Thumb Code    10  stm32f10x_adc.o(.text)
    DAC_DeInit                               0x080029d9   Thumb Code    22  stm32f10x_dac.o(.text)
    DAC_Init                                 0x080029ef   Thumb Code    46  stm32f10x_dac.o(.text)
    DAC_StructInit                           0x08002a1d   Thumb Code    12  stm32f10x_dac.o(.text)
    DAC_Cmd                                  0x08002a29   Thumb Code    34  stm32f10x_dac.o(.text)
    DAC_DMACmd                               0x08002a4b   Thumb Code    38  stm32f10x_dac.o(.text)
    DAC_SoftwareTriggerCmd                   0x08002a71   Thumb Code    48  stm32f10x_dac.o(.text)
    DAC_DualSoftwareTriggerCmd               0x08002aa1   Thumb Code    38  stm32f10x_dac.o(.text)
    DAC_WaveGenerationCmd                    0x08002ac7   Thumb Code    36  stm32f10x_dac.o(.text)
    DAC_SetChannel1Data                      0x08002aeb   Thumb Code    26  stm32f10x_dac.o(.text)
    DAC_SetChannel2Data                      0x08002b05   Thumb Code    26  stm32f10x_dac.o(.text)
    DAC_SetDualChannelData                   0x08002b1f   Thumb Code    32  stm32f10x_dac.o(.text)
    DAC_GetDataOutputValue                   0x08002b3f   Thumb Code    32  stm32f10x_dac.o(.text)
    TIM_DeInit                               0x08002b65   Thumb Code   424  stm32f10x_tim.o(.text)
    TIM_TimeBaseInit                         0x08002d0d   Thumb Code   122  stm32f10x_tim.o(.text)
    TIM_OC1Init                              0x08002d87   Thumb Code   132  stm32f10x_tim.o(.text)
    TIM_OC2Init                              0x08002e0b   Thumb Code   154  stm32f10x_tim.o(.text)
    TIM_OC3Init                              0x08002ea5   Thumb Code   150  stm32f10x_tim.o(.text)
    TIM_OC4Init                              0x08002f3b   Thumb Code   182  stm32f10x_tim.o(.text)
    TIM_SetIC4Prescaler                      0x08002ff1   Thumb Code    26  stm32f10x_tim.o(.text)
    TIM_SetIC3Prescaler                      0x0800308d   Thumb Code    18  stm32f10x_tim.o(.text)
    TIM_SetIC2Prescaler                      0x08003119   Thumb Code    26  stm32f10x_tim.o(.text)
    TIM_SetIC1Prescaler                      0x080031b5   Thumb Code    18  stm32f10x_tim.o(.text)
    TIM_ICInit                               0x08003233   Thumb Code   150  stm32f10x_tim.o(.text)
    TIM_PWMIConfig                           0x080032c9   Thumb Code   124  stm32f10x_tim.o(.text)
    TIM_BDTRConfig                           0x08003345   Thumb Code    32  stm32f10x_tim.o(.text)
    TIM_TimeBaseStructInit                   0x08003365   Thumb Code    18  stm32f10x_tim.o(.text)
    TIM_OCStructInit                         0x08003377   Thumb Code    20  stm32f10x_tim.o(.text)
    TIM_ICStructInit                         0x0800338b   Thumb Code    18  stm32f10x_tim.o(.text)
    TIM_BDTRStructInit                       0x0800339d   Thumb Code    40  stm32f10x_tim.o(.text)
    TIM_Cmd                                  0x080033c5   Thumb Code    24  stm32f10x_tim.o(.text)
    TIM_CtrlPWMOutputs                       0x080033dd   Thumb Code    30  stm32f10x_tim.o(.text)
    TIM_ITConfig                             0x080033fb   Thumb Code    18  stm32f10x_tim.o(.text)
    TIM_GenerateEvent                        0x0800340d   Thumb Code     4  stm32f10x_tim.o(.text)
    TIM_DMAConfig                            0x08003411   Thumb Code    10  stm32f10x_tim.o(.text)
    TIM_DMACmd                               0x0800341b   Thumb Code    18  stm32f10x_tim.o(.text)
    TIM_InternalClockConfig                  0x0800342d   Thumb Code    12  stm32f10x_tim.o(.text)
    TIM_SelectInputTrigger                   0x08003439   Thumb Code    18  stm32f10x_tim.o(.text)
    TIM_ITRxExternalClockConfig              0x0800344b   Thumb Code    24  stm32f10x_tim.o(.text)
    TIM_TIxExternalClockConfig               0x08003463   Thumb Code    62  stm32f10x_tim.o(.text)
    TIM_ETRConfig                            0x080034a1   Thumb Code    28  stm32f10x_tim.o(.text)
    TIM_ETRClockMode1Config                  0x080034bd   Thumb Code    54  stm32f10x_tim.o(.text)
    TIM_ETRClockMode2Config                  0x080034f3   Thumb Code    32  stm32f10x_tim.o(.text)
    TIM_PrescalerConfig                      0x08003513   Thumb Code     6  stm32f10x_tim.o(.text)
    TIM_CounterModeConfig                    0x08003519   Thumb Code    18  stm32f10x_tim.o(.text)
    TIM_EncoderInterfaceConfig               0x0800352b   Thumb Code    66  stm32f10x_tim.o(.text)
    TIM_ForcedOC1Config                      0x0800356d   Thumb Code    18  stm32f10x_tim.o(.text)
    TIM_ForcedOC2Config                      0x0800357f   Thumb Code    26  stm32f10x_tim.o(.text)
    TIM_ForcedOC3Config                      0x08003599   Thumb Code    18  stm32f10x_tim.o(.text)
    TIM_ForcedOC4Config                      0x080035ab   Thumb Code    26  stm32f10x_tim.o(.text)
    TIM_ARRPreloadConfig                     0x080035c5   Thumb Code    24  stm32f10x_tim.o(.text)
    TIM_SelectCOM                            0x080035dd   Thumb Code    24  stm32f10x_tim.o(.text)
    TIM_SelectCCDMA                          0x080035f5   Thumb Code    24  stm32f10x_tim.o(.text)
    TIM_CCPreloadControl                     0x0800360d   Thumb Code    24  stm32f10x_tim.o(.text)
    TIM_OC1PreloadConfig                     0x08003625   Thumb Code    18  stm32f10x_tim.o(.text)
    TIM_OC2PreloadConfig                     0x08003637   Thumb Code    26  stm32f10x_tim.o(.text)
    TIM_OC3PreloadConfig                     0x08003651   Thumb Code    18  stm32f10x_tim.o(.text)
    TIM_OC4PreloadConfig                     0x08003663   Thumb Code    26  stm32f10x_tim.o(.text)
    TIM_OC1FastConfig                        0x0800367d   Thumb Code    18  stm32f10x_tim.o(.text)
    TIM_OC2FastConfig                        0x0800368f   Thumb Code    26  stm32f10x_tim.o(.text)
    TIM_OC3FastConfig                        0x080036a9   Thumb Code    18  stm32f10x_tim.o(.text)
    TIM_OC4FastConfig                        0x080036bb   Thumb Code    26  stm32f10x_tim.o(.text)
    TIM_ClearOC1Ref                          0x080036d5   Thumb Code    18  stm32f10x_tim.o(.text)
    TIM_ClearOC2Ref                          0x080036e7   Thumb Code    24  stm32f10x_tim.o(.text)
    TIM_ClearOC3Ref                          0x080036ff   Thumb Code    18  stm32f10x_tim.o(.text)
    TIM_ClearOC4Ref                          0x08003711   Thumb Code    24  stm32f10x_tim.o(.text)
    TIM_OC1PolarityConfig                    0x08003729   Thumb Code    18  stm32f10x_tim.o(.text)
    TIM_OC1NPolarityConfig                   0x0800373b   Thumb Code    18  stm32f10x_tim.o(.text)
    TIM_OC2PolarityConfig                    0x0800374d   Thumb Code    26  stm32f10x_tim.o(.text)
    TIM_OC2NPolarityConfig                   0x08003767   Thumb Code    26  stm32f10x_tim.o(.text)
    TIM_OC3PolarityConfig                    0x08003781   Thumb Code    26  stm32f10x_tim.o(.text)
    TIM_OC3NPolarityConfig                   0x0800379b   Thumb Code    26  stm32f10x_tim.o(.text)
    TIM_OC4PolarityConfig                    0x080037b5   Thumb Code    26  stm32f10x_tim.o(.text)
    TIM_CCxCmd                               0x080037cf   Thumb Code    30  stm32f10x_tim.o(.text)
    TIM_CCxNCmd                              0x080037ed   Thumb Code    30  stm32f10x_tim.o(.text)
    TIM_SelectOCxM                           0x0800380b   Thumb Code    82  stm32f10x_tim.o(.text)
    TIM_UpdateDisableConfig                  0x0800385d   Thumb Code    24  stm32f10x_tim.o(.text)
    TIM_UpdateRequestConfig                  0x08003875   Thumb Code    24  stm32f10x_tim.o(.text)
    TIM_SelectHallSensor                     0x0800388d   Thumb Code    24  stm32f10x_tim.o(.text)
    TIM_SelectOnePulseMode                   0x080038a5   Thumb Code    18  stm32f10x_tim.o(.text)
    TIM_SelectOutputTrigger                  0x080038b7   Thumb Code    18  stm32f10x_tim.o(.text)
    TIM_SelectSlaveMode                      0x080038c9   Thumb Code    18  stm32f10x_tim.o(.text)
    TIM_SelectMasterSlaveMode                0x080038db   Thumb Code    18  stm32f10x_tim.o(.text)
    TIM_SetCounter                           0x080038ed   Thumb Code     4  stm32f10x_tim.o(.text)
    TIM_SetAutoreload                        0x080038f1   Thumb Code     4  stm32f10x_tim.o(.text)
    TIM_SetCompare1                          0x080038f5   Thumb Code     4  stm32f10x_tim.o(.text)
    TIM_SetCompare2                          0x080038f9   Thumb Code     4  stm32f10x_tim.o(.text)
    TIM_SetCompare3                          0x080038fd   Thumb Code     4  stm32f10x_tim.o(.text)
    TIM_SetCompare4                          0x08003901   Thumb Code     6  stm32f10x_tim.o(.text)
    TIM_SetClockDivision                     0x08003907   Thumb Code    18  stm32f10x_tim.o(.text)
    TIM_GetCapture1                          0x08003919   Thumb Code     6  stm32f10x_tim.o(.text)
    TIM_GetCapture2                          0x0800391f   Thumb Code     6  stm32f10x_tim.o(.text)
    TIM_GetCapture3                          0x08003925   Thumb Code     6  stm32f10x_tim.o(.text)
    TIM_GetCapture4                          0x0800392b   Thumb Code     8  stm32f10x_tim.o(.text)
    TIM_GetCounter                           0x08003933   Thumb Code     6  stm32f10x_tim.o(.text)
    TIM_GetPrescaler                         0x08003939   Thumb Code     6  stm32f10x_tim.o(.text)
    TIM_GetFlagStatus                        0x0800393f   Thumb Code    18  stm32f10x_tim.o(.text)
    TIM_ClearFlag                            0x08003951   Thumb Code     6  stm32f10x_tim.o(.text)
    TIM_GetITStatus                          0x08003957   Thumb Code    34  stm32f10x_tim.o(.text)
    TIM_ClearITPendingBit                    0x08003979   Thumb Code     6  stm32f10x_tim.o(.text)
    Reset_Handler                            0x08003981   Thumb Code     8  startup_stm32f10x_hd.o(.text)
    ADC3_IRQHandler                          0x0800399b   Thumb Code     0  startup_stm32f10x_hd.o(.text)
    CAN1_RX1_IRQHandler                      0x0800399b   Thumb Code     0  startup_stm32f10x_hd.o(.text)
    CAN1_SCE_IRQHandler                      0x0800399b   Thumb Code     0  startup_stm32f10x_hd.o(.text)
    DMA1_Channel1_IRQHandler                 0x0800399b   Thumb Code     0  startup_stm32f10x_hd.o(.text)
    DMA1_Channel2_IRQHandler                 0x0800399b   Thumb Code     0  startup_stm32f10x_hd.o(.text)
    DMA1_Channel3_IRQHandler                 0x0800399b   Thumb Code     0  startup_stm32f10x_hd.o(.text)
    DMA1_Channel4_IRQHandler                 0x0800399b   Thumb Code     0  startup_stm32f10x_hd.o(.text)
    DMA1_Channel5_IRQHandler                 0x0800399b   Thumb Code     0  startup_stm32f10x_hd.o(.text)
    DMA1_Channel6_IRQHandler                 0x0800399b   Thumb Code     0  startup_stm32f10x_hd.o(.text)
    DMA1_Channel7_IRQHandler                 0x0800399b   Thumb Code     0  startup_stm32f10x_hd.o(.text)
    DMA2_Channel1_IRQHandler                 0x0800399b   Thumb Code     0  startup_stm32f10x_hd.o(.text)
    DMA2_Channel2_IRQHandler                 0x0800399b   Thumb Code     0  startup_stm32f10x_hd.o(.text)
    DMA2_Channel3_IRQHandler                 0x0800399b   Thumb Code     0  startup_stm32f10x_hd.o(.text)
    DMA2_Channel4_5_IRQHandler               0x0800399b   Thumb Code     0  startup_stm32f10x_hd.o(.text)
    EXTI0_IRQHandler                         0x0800399b   Thumb Code     0  startup_stm32f10x_hd.o(.text)
    EXTI15_10_IRQHandler                     0x0800399b   Thumb Code     0  startup_stm32f10x_hd.o(.text)
    EXTI1_IRQHandler                         0x0800399b   Thumb Code     0  startup_stm32f10x_hd.o(.text)
    EXTI2_IRQHandler                         0x0800399b   Thumb Code     0  startup_stm32f10x_hd.o(.text)
    EXTI3_IRQHandler                         0x0800399b   Thumb Code     0  startup_stm32f10x_hd.o(.text)
    EXTI4_IRQHandler                         0x0800399b   Thumb Code     0  startup_stm32f10x_hd.o(.text)
    EXTI9_5_IRQHandler                       0x0800399b   Thumb Code     0  startup_stm32f10x_hd.o(.text)
    FLASH_IRQHandler                         0x0800399b   Thumb Code     0  startup_stm32f10x_hd.o(.text)
    FSMC_IRQHandler                          0x0800399b   Thumb Code     0  startup_stm32f10x_hd.o(.text)
    I2C1_ER_IRQHandler                       0x0800399b   Thumb Code     0  startup_stm32f10x_hd.o(.text)
    I2C1_EV_IRQHandler                       0x0800399b   Thumb Code     0  startup_stm32f10x_hd.o(.text)
    I2C2_ER_IRQHandler                       0x0800399b   Thumb Code     0  startup_stm32f10x_hd.o(.text)
    I2C2_EV_IRQHandler                       0x0800399b   Thumb Code     0  startup_stm32f10x_hd.o(.text)
    PVD_IRQHandler                           0x0800399b   Thumb Code     0  startup_stm32f10x_hd.o(.text)
    RCC_IRQHandler                           0x0800399b   Thumb Code     0  startup_stm32f10x_hd.o(.text)
    RTCAlarm_IRQHandler                      0x0800399b   Thumb Code     0  startup_stm32f10x_hd.o(.text)
    RTC_IRQHandler                           0x0800399b   Thumb Code     0  startup_stm32f10x_hd.o(.text)
    SDIO_IRQHandler                          0x0800399b   Thumb Code     0  startup_stm32f10x_hd.o(.text)
    SPI1_IRQHandler                          0x0800399b   Thumb Code     0  startup_stm32f10x_hd.o(.text)
    SPI2_IRQHandler                          0x0800399b   Thumb Code     0  startup_stm32f10x_hd.o(.text)
    SPI3_IRQHandler                          0x0800399b   Thumb Code     0  startup_stm32f10x_hd.o(.text)
    TAMPER_IRQHandler                        0x0800399b   Thumb Code     0  startup_stm32f10x_hd.o(.text)
    TIM1_BRK_IRQHandler                      0x0800399b   Thumb Code     0  startup_stm32f10x_hd.o(.text)
    TIM1_CC_IRQHandler                       0x0800399b   Thumb Code     0  startup_stm32f10x_hd.o(.text)
    TIM1_TRG_COM_IRQHandler                  0x0800399b   Thumb Code     0  startup_stm32f10x_hd.o(.text)
    TIM1_UP_IRQHandler                       0x0800399b   Thumb Code     0  startup_stm32f10x_hd.o(.text)
    TIM2_IRQHandler                          0x0800399b   Thumb Code     0  startup_stm32f10x_hd.o(.text)
    TIM4_IRQHandler                          0x0800399b   Thumb Code     0  startup_stm32f10x_hd.o(.text)
    TIM5_IRQHandler                          0x0800399b   Thumb Code     0  startup_stm32f10x_hd.o(.text)
    TIM6_IRQHandler                          0x0800399b   Thumb Code     0  startup_stm32f10x_hd.o(.text)
    TIM7_IRQHandler                          0x0800399b   Thumb Code     0  startup_stm32f10x_hd.o(.text)
    TIM8_BRK_IRQHandler                      0x0800399b   Thumb Code     0  startup_stm32f10x_hd.o(.text)
    TIM8_CC_IRQHandler                       0x0800399b   Thumb Code     0  startup_stm32f10x_hd.o(.text)
    TIM8_TRG_COM_IRQHandler                  0x0800399b   Thumb Code     0  startup_stm32f10x_hd.o(.text)
    TIM8_UP_IRQHandler                       0x0800399b   Thumb Code     0  startup_stm32f10x_hd.o(.text)
    UART4_IRQHandler                         0x0800399b   Thumb Code     0  startup_stm32f10x_hd.o(.text)
    UART5_IRQHandler                         0x0800399b   Thumb Code     0  startup_stm32f10x_hd.o(.text)
    USART3_IRQHandler                        0x0800399b   Thumb Code     0  startup_stm32f10x_hd.o(.text)
    USBWakeUp_IRQHandler                     0x0800399b   Thumb Code     0  startup_stm32f10x_hd.o(.text)
    USB_HP_CAN1_TX_IRQHandler                0x0800399b   Thumb Code     0  startup_stm32f10x_hd.o(.text)
    USB_LP_CAN1_RX0_IRQHandler               0x0800399b   Thumb Code     0  startup_stm32f10x_hd.o(.text)
    WWDG_IRQHandler                          0x0800399b   Thumb Code     0  startup_stm32f10x_hd.o(.text)
    RCC_Config                               0x080039a5   Thumb Code    64  stm_sys.o(.text)
    PC_USART_Init                            0x080039e5   Thumb Code   154  stm_usart.o(.text)
    RS485_USART_Init                         0x08003a7f   Thumb Code   152  stm_usart.o(.text)
    RS485_GPIO_Init                          0x08003b17   Thumb Code    38  stm_usart.o(.text)
    SendDataToPC                             0x08003b3d   Thumb Code    46  stm_usart.o(.text)
    SendCmdTo485                             0x08003b6b   Thumb Code    66  stm_usart.o(.text)
    GC_GPIO_Init                             0x08003bd1   Thumb Code   102  stm_gc.o(.text)
    GCStart                                  0x08003c37   Thumb Code    30  stm_gc.o(.text)
    GCStop                                   0x08003c55   Thumb Code    30  stm_gc.o(.text)
    LED_GPIO_Init                            0x08003c79   Thumb Code   106  stm_led.o(.text)
    LEDRed                                   0x08003ce3   Thumb Code    28  stm_led.o(.text)
    LEDGreen                                 0x08003cff   Thumb Code    28  stm_led.o(.text)
    LEDBlue                                  0x08003d1b   Thumb Code    28  stm_led.o(.text)
    MFC_ADC_Init                             0x08003d3d   Thumb Code   162  stm_mfc.o(.text)
    ADCStart                                 0x08003ddf   Thumb Code    24  stm_mfc.o(.text)
    MFC_DAC_Init                             0x08003df7   Thumb Code    70  stm_mfc.o(.text)
    Timer_Init                               0x08003e45   Thumb Code    86  stm_timer.o(.text)
    DS18B20_GPIO_Init                        0x08003ea1   Thumb Code    42  stm_ds18b20.o(.text)
    DS18B20_InitSeq                          0x08003ecb   Thumb Code   170  stm_ds18b20.o(.text)
    DS18B20_ReadBit                          0x08003f75   Thumb Code   120  stm_ds18b20.o(.text)
    DS18B20_ReadByte                         0x08003fed   Thumb Code    34  stm_ds18b20.o(.text)
    DS18B20_WriteByte                        0x0800400f   Thumb Code   118  stm_ds18b20.o(.text)
    DS18B20_StartConvert                     0x08004085   Thumb Code    28  stm_ds18b20.o(.text)
    DS18B20_GetTemperature                   0x080040a1   Thumb Code   126  stm_ds18b20.o(.text)
    TC_GPIO_Init                             0x08004129   Thumb Code    80  stm_tc.o(.text)
    TCRingHeat                               0x08004179   Thumb Code    24  stm_tc.o(.text)
    TCRingStop                               0x08004191   Thumb Code    24  stm_tc.o(.text)
    ValveGOn                                 0x080041ad   Thumb Code   262  stm_valve.o(.text)
    ValveCXn                                 0x080042b3   Thumb Code   248  stm_valve.o(.text)
    V3V16Go1Together                         0x080043ab   Thumb Code   262  stm_valve.o(.text)
    SendAckFrame                             0x080044c9   Thumb Code    30  stm_pc.o(.text)
    SendStatusFrame                          0x080044e7   Thumb Code    50  stm_pc.o(.text)
    SendErrorFrame                           0x08004519   Thumb Code    58  stm_pc.o(.text)
    SendFlowFrame                            0x08004553   Thumb Code    30  stm_pc.o(.text)
    SendRingTempFrame                        0x08004571   Thumb Code    30  stm_pc.o(.text)
    SendPipelineTempFrame                    0x0800458f   Thumb Code    30  stm_pc.o(.text)
    Pump_GPIO_Init                           0x080045d5   Thumb Code    38  stm_pump.o(.text)
    __aeabi_memcpy                           0x08004601   Thumb Code    36  memcpya.o(.text)
    __aeabi_memcpy4                          0x08004601   Thumb Code     0  memcpya.o(.text)
    __aeabi_memcpy8                          0x08004601   Thumb Code     0  memcpya.o(.text)
    __aeabi_dmul                             0x08004625   Thumb Code   228  dmul.o(.text)
    __aeabi_ddiv                             0x08004709   Thumb Code   222  ddiv.o(.text)
    __aeabi_i2d                              0x080047e7   Thumb Code    34  dflti.o(.text)
    __aeabi_ui2d                             0x08004809   Thumb Code    26  dfltui.o(.text)
    __aeabi_d2uiz                            0x08004823   Thumb Code    50  dfixui.o(.text)
    __aeabi_llsr                             0x08004855   Thumb Code    32  llushr.o(.text)
    _ll_ushift_r                             0x08004855   Thumb Code     0  llushr.o(.text)
    __I$use$fp                               0x08004875   Thumb Code     0  iusefp.o(.text)
    _double_round                            0x08004875   Thumb Code    26  depilogue.o(.text)
    _double_epilogue                         0x0800488f   Thumb Code   156  depilogue.o(.text)
    __scatterload                            0x0800492d   Thumb Code    28  init.o(.text)
    __scatterload_rt2                        0x0800492d   Thumb Code     0  init.o(.text)
    __aeabi_llsl                             0x08004951   Thumb Code    30  llshl.o(.text)
    _ll_shift_l                              0x08004951   Thumb Code     0  llshl.o(.text)
    __scatterload_copy                       0x0800496f   Thumb Code    14  handlers.o(i.__scatterload_copy)
    __scatterload_null                       0x0800497d   Thumb Code     2  handlers.o(i.__scatterload_null)
    __scatterload_zeroinit                   0x0800497f   Thumb Code    14  handlers.o(i.__scatterload_zeroinit)
    Region$$Table$$Base                      0x0800498c   Number         0  anon$$obj.o(Region$$Table)
    Region$$Table$$Limit                     0x080049ac   Number         0  anon$$obj.o(Region$$Table)
    SystemCoreClock                          0x2000000c   Data           4  system_stm32f10x.o(.data)
    AHBPrescTable                            0x20000010   Data          16  system_stm32f10x.o(.data)
    cfd_avrg                                 0x20000020   Data           2  common.o(.data)
    current_ring_temp                        0x20000022   Data           2  common.o(.data)
    current_pipeline_temp                    0x20000024   Data           2  common.o(.data)
    FLAGS                                    0x20000026   Data           2  common.o(.data)
    PC_USART_RX_STA                          0x2000003c   Data           2  stm_usart.o(.data)
    pc_usart_tx_buf                          0x20000040   Data           4  stm_usart.o(.data)
    pc_usart_tx_count                        0x20000044   Data           1  stm_usart.o(.data)
    rs485_usart_rx_buf                       0x20000045   Data           1  stm_usart.o(.data)
    rs485_usart_tx_buf                       0x20000048   Data           4  stm_usart.o(.data)
    rs485_usart_tx_count                     0x2000004c   Data           1  stm_usart.o(.data)
    vc_cp                                    0x2000004d   Data           5  stm_valve.o(.data)
    vc_gon                                   0x20000052   Data           7  stm_valve.o(.data)
    current_valve_type                       0x20000059   Data           1  stm_valve.o(.data)
    f_ack                                    0x2000005a   Data           6  stm_pc.o(.data)
    f_status                                 0x20000060   Data           6  stm_pc.o(.data)
    f_error                                  0x20000066   Data           6  stm_pc.o(.data)
    f_flow                                   0x2000006c   Data           7  stm_pc.o(.data)
    f_ring_temp                              0x20000073   Data           7  stm_pc.o(.data)
    f_pipeline_temp                          0x2000007a   Data           7  stm_pc.o(.data)
    resend_sf_times                          0x20000081   Data           1  stm_pc.o(.data)
    resend_sf_delay_count                    0x20000082   Data           1  stm_pc.o(.data)
    resend_ef_times                          0x20000083   Data           1  stm_pc.o(.data)
    resend_ef_delay_count                    0x20000084   Data           1  stm_pc.o(.data)
    send_ff_frq                              0x20000085   Data           1  stm_pc.o(.data)
    time_parameter                           0x20000088   Data          10  main.o(.bss)
    sample_inlet                             0x20000092   Data          20  main.o(.bss)
    current_flow_data                        0x200000a6   Data          40  common.o(.bss)
    pc_usart_rx_buf                          0x200000ce   Data          80  stm_usart.o(.bss)
    __initial_sp                             0x20004a20   Data           0  startup_stm32f10x_hd.o(STACK)



==============================================================================

Memory Map of the image

  Image Entry point : 0x08000131

  Load Region LR_IROM1 (Base: 0x08000000, Size: 0x00004a34, Max: 0x00080000, ABSOLUTE)

    Execution Region ER_IROM1 (Base: 0x08000000, Size: 0x000049ac, Max: 0x00080000, ABSOLUTE)

    Base Addr    Size         Type   Attr      Idx    E Section Name        Object

    0x08000000   0x00000130   Data   RO          296    RESET               startup_stm32f10x_hd.o
    0x08000130   0x00000000   Code   RO          452  * .ARM.Collect$$$$00000000  mc_w.l(entry.o)
    0x08000130   0x00000004   Code   RO          469    .ARM.Collect$$$$00000001  mc_w.l(entry2.o)
    0x08000134   0x00000004   Code   RO          472    .ARM.Collect$$$$00000004  mc_w.l(entry5.o)
    0x08000138   0x00000000   Code   RO          474    .ARM.Collect$$$$00000008  mc_w.l(entry7b.o)
    0x08000138   0x00000000   Code   RO          476    .ARM.Collect$$$$0000000A  mc_w.l(entry8b.o)
    0x08000138   0x00000008   Code   RO          477    .ARM.Collect$$$$0000000B  mc_w.l(entry9a.o)
    0x08000140   0x00000000   Code   RO          479    .ARM.Collect$$$$0000000D  mc_w.l(entry10a.o)
    0x08000140   0x00000000   Code   RO          481    .ARM.Collect$$$$0000000F  mc_w.l(entry11a.o)
    0x08000140   0x00000004   Code   RO          470    .ARM.Collect$$$$00002712  mc_w.l(entry2.o)
    0x08000144   0x0000054c   Code   RO           17    .text               stm32f10x_it.o
    0x08000690   0x000001e0   Code   RO          135    .text               system_stm32f10x.o
    0x08000870   0x00001020   Code   RO          153    .text               main.o
    0x08001890   0x00000114   Code   RO          189    .text               common.o
    0x080019a4   0x0000035c   Code   RO          208    .text               stm32f10x_gpio.o
    0x08001d00   0x000003a4   Code   RO          220    .text               stm32f10x_rcc.o
    0x080020a4   0x00000408   Code   RO          234    .text               stm32f10x_usart.o
    0x080024ac   0x000000dc   Code   RO          246    .text               misc.o
    0x08002588   0x0000044e   Code   RO          258    .text               stm32f10x_adc.o
    0x080029d6   0x00000002   PAD
    0x080029d8   0x0000018c   Code   RO          270    .text               stm32f10x_dac.o
    0x08002b64   0x00000e1a   Code   RO          282    .text               stm32f10x_tim.o
    0x0800397e   0x00000002   PAD
    0x08003980   0x00000024   Code   RO          297    .text               startup_stm32f10x_hd.o
    0x080039a4   0x00000040   Code   RO          301    .text               stm_sys.o
    0x080039e4   0x000001ec   Code   RO          313    .text               stm_usart.o
    0x08003bd0   0x000000a8   Code   RO          332    .text               stm_gc.o
    0x08003c78   0x000000c4   Code   RO          344    .text               stm_led.o
    0x08003d3c   0x00000108   Code   RO          356    .text               stm_mfc.o
    0x08003e44   0x0000005c   Code   RO          368    .text               stm_timer.o
    0x08003ea0   0x00000288   Code   RO          380    .text               stm_ds18b20.o
    0x08004128   0x00000084   Code   RO          392    .text               stm_tc.o
    0x080041ac   0x0000031c   Code   RO          404    .text               stm_valve.o
    0x080044c8   0x0000010c   Code   RO          422    .text               stm_pc.o
    0x080045d4   0x0000002c   Code   RO          440    .text               stm_pump.o
    0x08004600   0x00000024   Code   RO          455    .text               mc_w.l(memcpya.o)
    0x08004624   0x000000e4   Code   RO          459    .text               mf_w.l(dmul.o)
    0x08004708   0x000000de   Code   RO          461    .text               mf_w.l(ddiv.o)
    0x080047e6   0x00000022   Code   RO          463    .text               mf_w.l(dflti.o)
    0x08004808   0x0000001a   Code   RO          465    .text               mf_w.l(dfltui.o)
    0x08004822   0x00000032   Code   RO          467    .text               mf_w.l(dfixui.o)
    0x08004854   0x00000020   Code   RO          483    .text               mc_w.l(llushr.o)
    0x08004874   0x00000000   Code   RO          485    .text               mc_w.l(iusefp.o)
    0x08004874   0x000000b6   Code   RO          486    .text               mf_w.l(depilogue.o)
    0x0800492a   0x00000002   PAD
    0x0800492c   0x00000024   Code   RO          488    .text               mc_w.l(init.o)
    0x08004950   0x0000001e   Code   RO          490    .text               mc_w.l(llshl.o)
    0x0800496e   0x0000000e   Code   RO          494    i.__scatterload_copy  mc_w.l(handlers.o)
    0x0800497c   0x00000002   Code   RO          495    i.__scatterload_null  mc_w.l(handlers.o)
    0x0800497e   0x0000000e   Code   RO          496    i.__scatterload_zeroinit  mc_w.l(handlers.o)
    0x0800498c   0x00000020   Data   RO          492    Region$$Table       anon$$obj.o


    Execution Region RW_IRAM1 (Base: 0x20000000, Size: 0x00004a20, Max: 0x00010000, ABSOLUTE)

    Base Addr    Size         Type   Attr      Idx    E Section Name        Object

    0x20000000   0x0000000a   Data   RW           18    .data               stm32f10x_it.o
    0x2000000a   0x00000002   PAD
    0x2000000c   0x00000014   Data   RW          136    .data               system_stm32f10x.o
    0x20000020   0x00000008   Data   RW          191    .data               common.o
    0x20000028   0x00000014   Data   RW          221    .data               stm32f10x_rcc.o
    0x2000003c   0x00000011   Data   RW          315    .data               stm_usart.o
    0x2000004d   0x0000000d   Data   RW          405    .data               stm_valve.o
    0x2000005a   0x0000002c   Data   RW          423    .data               stm_pc.o
    0x20000086   0x00000002   PAD
    0x20000088   0x0000001e   Zero   RW          154    .bss                main.o
    0x200000a6   0x00000028   Zero   RW          190    .bss                common.o
    0x200000ce   0x00000050   Zero   RW          314    .bss                stm_usart.o
    0x2000011e   0x00000002   PAD
    0x20000120   0x00004900   Zero   RW          294    STACK               startup_stm32f10x_hd.o


==============================================================================

Image component sizes


      Code (inc. data)   RO Data    RW Data    ZI Data      Debug   Object Name

       276          4          0          8         40       2466   common.o
         0          0          0          0          0       4312   core_cm3.o
      4128        260          0          0         30       4327   main.o
       220         22          0          0          0       1877   misc.o
        36          8        304          0      18688        820   startup_stm32f10x_hd.o
      1102         26          0          0          0      10909   stm32f10x_adc.o
       396          6          0          0          0       3730   stm32f10x_dac.o
       860         38          0          0          0       5721   stm32f10x_gpio.o
      1356        178          0         10          0     268503   stm32f10x_it.o
       932         36          0         20          0       8948   stm32f10x_rcc.o
      3610         88          0          0          0      22204   stm32f10x_tim.o
      1032         22          0          0          0       8448   stm32f10x_usart.o
       648         10          0          0          0       2103   stm_ds18b20.o
       168          6          0          0          0        802   stm_gc.o
       196          6          0          0          0        932   stm_led.o
       264          8          0          0          0       1057   stm_mfc.o
       268         40          0         44          0       4080   stm_pc.o
        44          6          0          0          0        553   stm_pump.o
        64          0          0          0          0        533   stm_sys.o
       132          4          0          0          0        797   stm_tc.o
        92          6          0          0          0        601   stm_timer.o
       492         36          0         17         80       2702   stm_usart.o
       796         30          0         13          0       2775   stm_valve.o
       480         38          0         20          0       2003   system_stm32f10x.o

    ----------------------------------------------------------------------
     17596        878        336        136      18840     361203   Object Totals
         0          0         32          0          0          0   (incl. Generated)
         4          0          0          4          2          0   (incl. Padding)

    ----------------------------------------------------------------------

      Code (inc. data)   RO Data    RW Data    ZI Data      Debug   Library Member Name

         0          0          0          0          0          0   entry.o
         0          0          0          0          0          0   entry10a.o
         0          0          0          0          0          0   entry11a.o
         8          4          0          0          0          0   entry2.o
         4          0          0          0          0          0   entry5.o
         0          0          0          0          0          0   entry7b.o
         0          0          0          0          0          0   entry8b.o
         8          4          0          0          0          0   entry9a.o
        30          0          0          0          0          0   handlers.o
        36          8          0          0          0         68   init.o
         0          0          0          0          0          0   iusefp.o
        30          0          0          0          0         68   llshl.o
        32          0          0          0          0         68   llushr.o
        36          0          0          0          0         68   memcpya.o
       222          0          0          0          0        100   ddiv.o
       182          0          0          0          0        176   depilogue.o
        50          0          0          0          0         76   dfixui.o
        34          0          0          0          0         76   dflti.o
        26          0          0          0          0         76   dfltui.o
       228          0          0          0          0         96   dmul.o

    ----------------------------------------------------------------------
       928         16          0          0          0        872   Library Totals
         2          0          0          0          0          0   (incl. Padding)

    ----------------------------------------------------------------------

      Code (inc. data)   RO Data    RW Data    ZI Data      Debug   Library Name

       184         16          0          0          0        272   mc_w.l
       742          0          0          0          0        600   mf_w.l

    ----------------------------------------------------------------------
       928         16          0          0          0        872   Library Totals

    ----------------------------------------------------------------------

==============================================================================


      Code (inc. data)   RO Data    RW Data    ZI Data      Debug   

     18524        894        336        136      18840     359991   Grand Totals
     18524        894        336        136      18840     359991   ELF Image Totals
     18524        894        336        136          0          0   ROM Totals

==============================================================================

    Total RO  Size (Code + RO Data)                18860 (  18.42kB)
    Total RW  Size (RW Data + ZI Data)             18976 (  18.53kB)
    Total ROM Size (Code + RO Data + RW Data)      18996 (  18.55kB)

==============================================================================

